E192
Unknown failure (no message)
Stuff broke: But protocols seems to be working still, right?
Error: E192
